Command: .\gradlew.bat build -x test --init-script build/no-tests.init.gradle --console=plain
Worktree: D:\Javastuff\LegacyParkourCompat\.task-worktrees\integrate-world03-swimming-entry-2026-10-08
Test policy: all Gradle Test tasks disabled by build/no-tests.init.gradle; test task also excluded with -x test


> Configure project :tas-client
[Unimined] Plugin Version: 1.4.1
[Unimined/Minecraft ::main] Applying minecraft config for source set 'main'
[Unimined/MinecraftDownloader] retrieving version metadata
[Unimined/Minecraft ::main] Applying OfficialFabricMinecraftTransformer
[Unimined/Minecraft ::main] Applying run configs
[Unimined/ModRemapper] Remapping mods from intermediary to mojmap
[Unimined/ModRemapper] No mods found for remapping

> Task :buildSrc:compileJava UP-TO-DATE
> Task :buildSrc:compileGroovy NO-SOURCE
> Task :buildSrc:processResources NO-SOURCE
> Task :buildSrc:classes UP-TO-DATE
> Task :buildSrc:jar UP-TO-DATE

> Configure project :
Fabric Loom: 1.17.21

> Task :testing:compileJava UP-TO-DATE
> Task :testing:processResources NO-SOURCE
> Task :testing:classes UP-TO-DATE
> Task :testing:jar UP-TO-DATE
> Task :testing:startScripts UP-TO-DATE
> Task :parkourgym-server:compileJava UP-TO-DATE
> Task :testing:distTar UP-TO-DATE
> Task :parkourgym-server:processResources UP-TO-DATE
> Task :parkourgym-server:classes UP-TO-DATE
> Task :testing:distZip UP-TO-DATE
> Task :testing:assemble UP-TO-DATE
> Task :testing:check
> Task :testing:build
> Task :parkourgym-server:jar UP-TO-DATE
> Task :parkourgym-server:assemble UP-TO-DATE
> Task :parkourgym-server:check
> Task :parkourgym-server:build
> Task :compileJava
> Task :processResources UP-TO-DATE
> Task :classes
> Task :compileClientJava UP-TO-DATE
> Task :compileServerJava UP-TO-DATE
> Task :processClientResources NO-SOURCE
> Task :processIncludeJars UP-TO-DATE
> Task :processServerResources UP-TO-DATE
> Task :serverClasses UP-TO-DATE
> Task :jar
> Task :sourcesJar
> Task :assemble
> Task :validateAccessWidener NO-SOURCE
> Task :check
> Task :build

[Incubating] Problems report is available at: file:///D:/Javastuff/LegacyParkourCompat/.task-worktrees/integrate-world03-swimming-entry-2026-10-08/build/reports/problems/problems-report.html

Deprecated Gradle features were used in this build, making it incompatible with Gradle 10.

You can use '--warning-mode all' to show the individual deprecation warnings and determine if they come from your own scripts or plugins.

For more on this, please refer to https://docs.gradle.org/9.7.1/userguide/command_line_interface.html#sec:command_line_warnings in the Gradle documentation.

BUILD SUCCESSFUL in 8s
18 actionable tasks: 3 executed, 15 up-to-date

Exit code: 0
