
> Configure project :tas-client
[Unimined] Plugin Version: 1.4.1
[Unimined/Minecraft ::main] Applying minecraft config for source set 'main'
[Unimined/MinecraftDownloader] retrieving version metadata
[Unimined/Minecraft ::main] Applying OfficialFabricMinecraftTransformer
[Unimined/Minecraft ::main] Applying run configs
[Unimined/ModRemapper] Remapping mods from intermediary to mojmap
[Unimined/ModRemapper] No mods found for remapping

> Task :buildSrc:compileJava
> Task :buildSrc:compileGroovy NO-SOURCE
> Task :buildSrc:processResources NO-SOURCE
> Task :buildSrc:classes
> Task :buildSrc:jar

> Configure project :
Fabric Loom: 1.17.21

> Task :testing:compileJava
> Task :testing:processResources NO-SOURCE
> Task :testing:classes
> Task :testing:jar
> Task :testing:startScripts
> Task :testing:distTar
> Task :testing:distZip
> Task :testing:assemble
> Task :testing:check
> Task :testing:build

> Task :parkourgym-server:compileJava
Note: Some input files use or override a deprecated API.
Note: Recompile with -Xlint:deprecation for details.

> Task :parkourgym-server:processResources
> Task :parkourgym-server:classes
> Task :parkourgym-server:jar
> Task :parkourgym-server:assemble
> Task :parkourgym-server:check
> Task :parkourgym-server:build

> Task :compileJava
Note: Some input files use or override a deprecated API.
Note: Recompile with -Xlint:deprecation for details.

> Task :processResources
> Task :classes
> Task :compileClientJava
> Task :compileServerJava
> Task :processClientResources NO-SOURCE
> Task :processIncludeJars
> Task :processServerResources
> Task :serverClasses
> Task :jar
> Task :sourcesJar
> Task :assemble
> Task :validateAccessWidener NO-SOURCE
> Task :check
> Task :build

[Incubating] Problems report is available at: file:///D:/Javastuff/LegacyParkourCompat/.task-worktrees/integrate-sprint-start-water-input-2026-10-08/build/reports/problems/problems-report.html

Deprecated Gradle features were used in this build, making it incompatible with Gradle 10.

You can use '--warning-mode all' to show the individual deprecation warnings and determine if they come from your own scripts or plugins.

For more on this, please refer to https://docs.gradle.org/9.7.1/userguide/command_line_interface.html#sec:command_line_warnings in the Gradle documentation.

BUILD SUCCESSFUL in 18s
18 actionable tasks: 18 executed
